SBY 15:34:17 [mtimer_bug_bmc] Removing directory '/Users/avishas/developer/riscv-mtimer-verification-check/formal/mtimer_bug_bmc'.
SBY 15:34:17 [mtimer_bug_bmc] Copy '/Users/avishas/developer/riscv-mtimer-verification-check/formal/../rtl/mtimer.sv' to '/Users/avishas/developer/riscv-mtimer-verification-check/formal/mtimer_bug_bmc/src/mtimer.sv'.
SBY 15:34:17 [mtimer_bug_bmc] Copy '/Users/avishas/developer/riscv-mtimer-verification-check/formal/mtimer_props.svh' to '/Users/avishas/developer/riscv-mtimer-verification-check/formal/mtimer_bug_bmc/src/mtimer_props.svh'.
SBY 15:34:17 [mtimer_bug_bmc] engine_0: smtbmc z3
SBY 15:34:17 [mtimer_bug_bmc] base: starting process "cd mtimer_bug_bmc/src; yosys -ql ../model/design.log ../model/design.ys"
SBY 15:34:17 [mtimer_bug_bmc] base: finished (returncode=0)
SBY 15:34:17 [mtimer_bug_bmc] prep: starting process "cd mtimer_bug_bmc/model; yosys -ql design_prep.log design_prep.ys"
SBY 15:34:17 [mtimer_bug_bmc] prep: finished (returncode=0)
SBY 15:34:17 [mtimer_bug_bmc] smt2: starting process "cd mtimer_bug_bmc/model; yosys -ql design_smt2.log design_smt2.ys"
SBY 15:34:17 [mtimer_bug_bmc] smt2: finished (returncode=0)
SBY 15:34:17 [mtimer_bug_bmc] engine_0: starting process "cd mtimer_bug_bmc; yosys-smtbmc -s z3 --presat --noprogress -t 12  --append 0 --dump-vcd engine_0/trace.vcd --dump-yw engine_0/trace.yw --dump-vlogtb engine_0/trace_tb.v --dump-smtc engine_0/trace.smtc model/design_smt2.smt2"
SBY 15:34:17 [mtimer_bug_bmc] engine_0: ##   0:00:00  Solver: z3
SBY 15:34:17 [mtimer_bug_bmc] engine_0: ##   0:00:00  Checking assumptions in step 0..
SBY 15:34:17 [mtimer_bug_bmc] engine_0: ##   0:00:00  Checking assertions in step 0..
SBY 15:34:17 [mtimer_bug_bmc] engine_0: ##   0:00:00  Checking assumptions in step 1..
SBY 15:34:17 [mtimer_bug_bmc] engine_0: ##   0:00:00  Checking assertions in step 1..
SBY 15:34:17 [mtimer_bug_bmc] engine_0: ##   0:00:00  Checking assumptions in step 2..
SBY 15:34:17 [mtimer_bug_bmc] engine_0: ##   0:00:00  Checking assertions in step 2..
SBY 15:34:17 [mtimer_bug_bmc] engine_0: ##   0:00:00  Checking assumptions in step 3..
SBY 15:34:17 [mtimer_bug_bmc] engine_0: ##   0:00:00  Checking assertions in step 3..
SBY 15:34:17 [mtimer_bug_bmc] engine_0: ##   0:00:00  Checking assumptions in step 4..
SBY 15:34:17 [mtimer_bug_bmc] engine_0: ##   0:00:00  Checking assertions in step 4..
SBY 15:34:17 [mtimer_bug_bmc] engine_0: ##   0:00:00  BMC failed!
SBY 15:34:17 [mtimer_bug_bmc] engine_0: ##   0:00:00  Assert failed in mtimer: a_mtip_stays_pending
SBY 15:34:17 [mtimer_bug_bmc] engine_0: ##   0:00:00  Writing trace to VCD file: engine_0/trace.vcd
SBY 15:34:17 [mtimer_bug_bmc] engine_0: ##   0:00:00  Writing trace to Verilog testbench: engine_0/trace_tb.v
SBY 15:34:17 [mtimer_bug_bmc] engine_0: ##   0:00:00  Writing trace to constraints file: engine_0/trace.smtc
SBY 15:34:17 [mtimer_bug_bmc] engine_0: ##   0:00:00  Writing trace to Yosys witness file: engine_0/trace.yw
SBY 15:34:17 [mtimer_bug_bmc] engine_0: ##   0:00:00  Status: failed
SBY 15:34:17 [mtimer_bug_bmc] engine_0: finished (returncode=1)
SBY 15:34:17 [mtimer_bug_bmc] engine_0: Status returned by engine: FAIL
SBY 15:34:17 [mtimer_bug_bmc] summary: Elapsed clock time [H:MM:SS (secs)]: 0:00:00 (0)
SBY 15:34:17 [mtimer_bug_bmc] summary: Elapsed process time [H:MM:SS (secs)]: 0:00:00 (0)
SBY 15:34:17 [mtimer_bug_bmc] summary: engine_0 (smtbmc z3) returned FAIL
SBY 15:34:17 [mtimer_bug_bmc] summary: counterexample trace: mtimer_bug_bmc/engine_0/trace.vcd
SBY 15:34:17 [mtimer_bug_bmc] summary:   failed assertion mtimer.a_mtip_stays_pending at mtimer_props.svh:16.7-16.96 step 4
SBY 15:34:17 [mtimer_bug_bmc] DONE (FAIL, rc=2)
